[0m
> build · muse-spark-1.3-contributor-free
[0m
Retry turn — landing a concrete artifact now.
S6 is active — grabbing its brief then landing an artifact.
S6 gate probe — writing the artifact first.
Probe written — executing it to verify it lands clean.
[0m$ [0mbash scripts/s6-verify-probe.sh 2>&1 | tail -30; echo "EXIT=$?"
PASS: scope file present
INFO: S6 Status:
FAIL: S6 status unexpected: Status:
PASS: verify() implementation found:
/home/aleksic/spacestation/mvp/loops/research/notes/s6-verify-2026-10-04.md
/home/aleksic/spacestation/mvp/loops/research/notes/s6-skeleton-2026-10-03.md
/home/aleksic/spacestation/mvp/loops/research/notes/s6-turn-2026-10-04.md
/home/aleksic/spacestation/mvp/loops/research/notes/s6-turn-probe-2026-10-04.md
/home/aleksic/spacestation/mvp/loops/research/probes/s6-verify-probe.sh
FAIL: only 0 .so files (need >=2 L1/L2)
PASS: negative-control evidence referenced in notes:
/home/aleksic/spacestation/mvp/loops/research/notes/done-checklist.md
/home/aleksic/spacestation/mvp/loops/research/notes/s6-fresh-verify-2026-10-04.md
/home/aleksic/spacestation/mvp/loops/research/notes/fleet-ops-distilled.md
/home/aleksic/spacestation/mvp/loops/research/notes/evidence-schema.md
/home/aleksic/spacestation/mvp/loops/research/notes/ctf-port-plan-2026-10-03.md
**Status 2026-10-04: H02 BUILD ACTIVE — OPERATOR ABSENT (order 2026-10-03 night, see AGENTS.md). S5 scope-locked verbatim. S6 ACTIVE, technically complete pending stranger test + gate note. S7–S11 queued; S11 backlog (rubric-driven, UX first) is the indefinite-run fuel. Code authorized under operator-absent mode.**
/home/aleksic/spacestation/mvp/loops/research/notes/s06-gate-2026-10-04.md
FAIL: no S6 gate note yet (notes/s06-gate-*.md)
---
S6-PROBE verdict: PASS=3 FAIL=3
GATE: NOT-READY
EXIT=0

[exit:0]
[0m
Probe has two bugs (status-line grep depth, gate-note check logic). Fixing both now.
Fixes applied — re-running to confirm.
[0m$ [0mchmod +x scripts/s6-verify-probe.sh && bash scripts/s6-verify-probe.sh 2>&1 | tail -15
/home/aleksic/spacestation/mvp/loops/research/notes/s6-turn-probe-2026-10-04.md
/home/aleksic/spacestation/mvp/loops/research/probes/s6-verify-probe.sh
FAIL: only 0 .so files (need >=2 L1/L2)
PASS: negative-control evidence referenced in notes:
/home/aleksic/spacestation/mvp/loops/research/notes/done-checklist.md
/home/aleksic/spacestation/mvp/loops/research/notes/s6-fresh-verify-2026-10-04.md
/home/aleksic/spacestation/mvp/loops/research/notes/fleet-ops-distilled.md
/home/aleksic/spacestation/mvp/loops/research/notes/evidence-schema.md
/home/aleksic/spacestation/mvp/loops/research/notes/ctf-port-plan-2026-10-03.md
**Status 2026-10-04: H02 BUILD ACTIVE — OPERATOR ABSENT (order 2026-10-03 night, see AGENTS.md). S5 scope-locked verbatim. S6 ACTIVE, technically complete pending stranger test + gate note. S7–S11 queued; S11 backlog (rubric-driven, UX first) is the indefinite-run fuel. Code authorized under operator-absent mode.**
/home/aleksic/spacestation/mvp/loops/research/notes/s06-gate-2026-10-04.md
FAIL: no S6 gate note yet (notes/s06-gate-*.md)
---
S6-PROBE verdict: PASS=3 FAIL=3
GATE: NOT-READY

[exit:0]
[0m
Two probe bugs confirmed live (status-parse, ls-glob). Fixing both.
Re-running probe to confirm fixes.
[0m$ [0mbash scripts/s6-verify-probe.sh 2>&1 | tail -15
/home/aleksic/spacestation/mvp/loops/research/notes/s6-turn-probe-2026-10-04.md
/home/aleksic/spacestation/mvp/loops/research/probes/s6-verify-probe.sh
FAIL: only 0 .so files (need >=2 L1/L2)
PASS: negative-control evidence referenced in notes:
/home/aleksic/spacestation/mvp/loops/research/notes/done-checklist.md
/home/aleksic/spacestation/mvp/loops/research/notes/s6-fresh-verify-2026-10-04.md
/home/aleksic/spacestation/mvp/loops/research/notes/fleet-ops-distilled.md
/home/aleksic/spacestation/mvp/loops/research/notes/evidence-schema.md
/home/aleksic/spacestation/mvp/loops/research/notes/ctf-port-plan-2026-10-03.md
**Status 2026-10-04: H02 BUILD ACTIVE — OPERATOR ABSENT (order 2026-10-03 night, see AGENTS.md). S5 scope-locked verbatim. S6 ACTIVE, technically complete pending stranger test + gate note. S7–S11 queued; S11 backlog (rubric-driven, UX first) is the indefinite-run fuel. Code authorized under operator-absent mode.**
/home/aleksic/spacestation/mvp/loops/research/notes/s06-gate-2026-10-04.md
PASS: S6 gate note present
---
S6-PROBE verdict: PASS=5 FAIL=1
GATE: NOT-READY

[exit:0]
[0m
S6 gate probe landed and iterated: fixed status-parse + gate-note glob bugs, re-ran to PASS=5 FAIL=1 (only missing: 0 .so L1/L2 prebuilts, real S6 gap — not a probe bug). Verbatim failures preserved in probe output.

ARTIFACT: scripts/s6-verify-probe.sh
