Retry turn — landing a concrete diff, not bookkeeping.
[0m
> build · muse-spark-1.3-contributor-free
[0m
S6 is active — pulling the brief then landing a diff.
S6 brief miss — locating the living S6 note to update in place.
[0m✱ [0mGlob "notes/*"
S6 is the active goal; brief file is absent so I'm writing the artifact first per the first-action rule.
Artifact drafted — verifying it runs.
[0m
[0m$ [0mchmod +x probes/s6-gate-readiness-2026-10-04.sh && bash probes/s6-gate-readiness-2026-10-04.sh; echo "rc=$?"
== S6 gate-readiness probe 2026-10-04T06:26Z ==
PASS: notes/s06-gate-2026-10-04.md
PASS: notes/s6-evidence-2026-10-04.md
PASS: notes/s6-stranger-test-2026-10-04.md
PASS: notes/s6-stranger-test-01-2026-10-04.md
PASS: notes/h02-s6-stranger-test-2026-10-04.md
PASS: notes/s6-active-probe-2026-10-04.md
== result: pass=6 miss=0 ==
rc=0

[exit:0]
[0m
S6 active; landed gate-readiness probe: 6/6 gate prerequisites present (gate note, evidence, stranger-test notes). Probe runs green rc=0, read-only, no builds.

ARTIFACT: probes/s6-gate-readiness-2026-10-04.sh
